<?xml version="1.0" encoding="ISO-8859-1" ?>
<link_info>
   <banner>TI ARM Linker Unix v18.12.3.LTS</banner>
   <copyright>Copyright (c) 1996-2018 Texas Instruments Incorporated</copyright>
   <link_time>0x5de69c09</link_time>
   <link_errors>0x0</link_errors>
   <output_file>sd_card.out</output_file>
   <entry_point>
      <name>_c_int00_noargs</name>
      <address>0xa10d</address>
   </entry_point>
   <input_file_list>
      <input_file id="fl-1">
         <path>./</path>
         <kind>object</kind>
         <file>sd_card.obj</file>
         <name>sd_card.obj</name>
      </input_file>
      <input_file id="fl-2">
         <path>./</path>
         <kind>object</kind>
         <file>startup_ccs.obj</file>
         <name>startup_ccs.obj</name>
      </input_file>
      <input_file id="fl-3">
         <path>./drivers/</path>
         <kind>object</kind>
         <file>cfal96x64x16.obj</file>
         <name>cfal96x64x16.obj</name>
      </input_file>
      <input_file id="fl-4">
         <path>./third_party/fatfs/port/</path>
         <kind>object</kind>
         <file>mmc-dk-tm4c123g.obj</file>
         <name>mmc-dk-tm4c123g.obj</name>
      </input_file>
      <input_file id="fl-5">
         <path>./third_party/fatfs/src/</path>
         <kind>object</kind>
         <file>ff.obj</file>
         <name>ff.obj</name>
      </input_file>
      <input_file id="fl-6">
         <path>./third_party/fatfs/src/option/</path>
         <kind>object</kind>
         <file>cc932.obj</file>
         <name>cc932.obj</name>
      </input_file>
      <input_file id="fl-7">
         <path>./utils/</path>
         <kind>object</kind>
         <file>cmdline.obj</file>
         <name>cmdline.obj</name>
      </input_file>
      <input_file id="fl-8">
         <path>./utils/</path>
         <kind>object</kind>
         <file>uartstdio.obj</file>
         <name>uartstdio.obj</name>
      </input_file>
      <input_file id="fl-e">
         <kind>object</kind>
         <file>&lt;internal&gt;</file>
         <name>&lt;internal&gt;</name>
      </input_file>
      <input_file id="fl-c4">
         <path>/Applications/ti/ccs920/ccs/tools/compiler/ti-cgt-arm_18.12.3.LTS/lib/</path>
         <kind>archive</kind>
         <file>rtsv7M4_T_le_v4SPD16_eabi.lib</file>
         <name>u_divt2.asm.obj</name>
      </input_file>
      <input_file id="fl-c5">
         <path>/Applications/ti/ccs920/ccs/tools/compiler/ti-cgt-arm_18.12.3.LTS/lib/</path>
         <kind>archive</kind>
         <file>rtsv7M4_T_le_v4SPD16_eabi.lib</file>
         <name>copy_zero_init.c.obj</name>
      </input_file>
      <input_file id="fl-c6">
         <path>/Applications/ti/ccs920/ccs/tools/compiler/ti-cgt-arm_18.12.3.LTS/lib/</path>
         <kind>archive</kind>
         <file>rtsv7M4_T_le_v4SPD16_eabi.lib</file>
         <name>copy_decompress_none.c.obj</name>
      </input_file>
      <input_file id="fl-c7">
         <path>/Applications/ti/ccs920/ccs/tools/compiler/ti-cgt-arm_18.12.3.LTS/lib/</path>
         <kind>archive</kind>
         <file>rtsv7M4_T_le_v4SPD16_eabi.lib</file>
         <name>copy_decompress_lzss.c.obj</name>
      </input_file>
      <input_file id="fl-c8">
         <path>/Applications/ti/ccs920/ccs/tools/compiler/ti-cgt-arm_18.12.3.LTS/lib/</path>
         <kind>archive</kind>
         <file>rtsv7M4_T_le_v4SPD16_eabi.lib</file>
         <name>strcat.c.obj</name>
      </input_file>
      <input_file id="fl-c9">
         <path>/Applications/ti/ccs920/ccs/tools/compiler/ti-cgt-arm_18.12.3.LTS/lib/</path>
         <kind>archive</kind>
         <file>rtsv7M4_T_le_v4SPD16_eabi.lib</file>
         <name>strcmp.c.obj</name>
      </input_file>
      <input_file id="fl-ca">
         <path>/Applications/ti/ccs920/ccs/tools/compiler/ti-cgt-arm_18.12.3.LTS/lib/</path>
         <kind>archive</kind>
         <file>rtsv7M4_T_le_v4SPD16_eabi.lib</file>
         <name>strcpy.c.obj</name>
      </input_file>
      <input_file id="fl-cb">
         <path>/Applications/ti/ccs920/ccs/tools/compiler/ti-cgt-arm_18.12.3.LTS/lib/</path>
         <kind>archive</kind>
         <file>rtsv7M4_T_le_v4SPD16_eabi.lib</file>
         <name>strlen.c.obj</name>
      </input_file>
      <input_file id="fl-cc">
         <path>/Applications/ti/ccs920/ccs/tools/compiler/ti-cgt-arm_18.12.3.LTS/lib/</path>
         <kind>archive</kind>
         <file>rtsv7M4_T_le_v4SPD16_eabi.lib</file>
         <name>strncpy.c.obj</name>
      </input_file>
      <input_file id="fl-cd">
         <path>/Applications/ti/ccs920/ccs/tools/compiler/ti-cgt-arm_18.12.3.LTS/lib/</path>
         <kind>archive</kind>
         <file>rtsv7M4_T_le_v4SPD16_eabi.lib</file>
         <name>boot_cortex_m.c.obj</name>
      </input_file>
      <input_file id="fl-ce">
         <path>/Applications/ti/ccs920/ccs/tools/compiler/ti-cgt-arm_18.12.3.LTS/lib/</path>
         <kind>archive</kind>
         <file>rtsv7M4_T_le_v4SPD16_eabi.lib</file>
         <name>div0.asm.obj</name>
      </input_file>
      <input_file id="fl-cf">
         <path>/Applications/ti/ccs920/ccs/tools/compiler/ti-cgt-arm_18.12.3.LTS/lib/</path>
         <kind>archive</kind>
         <file>rtsv7M4_T_le_v4SPD16_eabi.lib</file>
         <name>memset_t2.asm.obj</name>
      </input_file>
      <input_file id="fl-d0">
         <path>/Applications/ti/ccs920/ccs/tools/compiler/ti-cgt-arm_18.12.3.LTS/lib/</path>
         <kind>archive</kind>
         <file>rtsv7M4_T_le_v4SPD16_eabi.lib</file>
         <name>memcpy_t2.asm.obj</name>
      </input_file>
      <input_file id="fl-d1">
         <path>/Applications/ti/ccs920/ccs/tools/compiler/ti-cgt-arm_18.12.3.LTS/lib/</path>
         <kind>archive</kind>
         <file>rtsv7M4_T_le_v4SPD16_eabi.lib</file>
         <name>autoinit.c.obj</name>
      </input_file>
      <input_file id="fl-d2">
         <path>/Applications/ti/ccs920/ccs/tools/compiler/ti-cgt-arm_18.12.3.LTS/lib/</path>
         <kind>archive</kind>
         <file>rtsv7M4_T_le_v4SPD16_eabi.lib</file>
         <name>pre_init.c.obj</name>
      </input_file>
      <input_file id="fl-d3">
         <path>/Applications/ti/ccs920/ccs/tools/compiler/ti-cgt-arm_18.12.3.LTS/lib/</path>
         <kind>archive</kind>
         <file>rtsv7M4_T_le_v4SPD16_eabi.lib</file>
         <name>cpy_tbl.c.obj</name>
      </input_file>
      <input_file id="fl-d4">
         <path>/Applications/ti/ccs920/ccs/tools/compiler/ti-cgt-arm_18.12.3.LTS/lib/</path>
         <kind>archive</kind>
         <file>rtsv7M4_T_le_v4SPD16_eabi.lib</file>
         <name>exit.c.obj</name>
      </input_file>
      <input_file id="fl-d5">
         <path>/Applications/ti/ccs920/ccs/tools/compiler/ti-cgt-arm_18.12.3.LTS/lib/</path>
         <kind>archive</kind>
         <file>rtsv7M4_T_le_v4SPD16_eabi.lib</file>
         <name>_lock.c.obj</name>
      </input_file>
      <input_file id="fl-d6">
         <path>/Applications/ti/ccs920/ccs/tools/compiler/ti-cgt-arm_18.12.3.LTS/lib/</path>
         <kind>archive</kind>
         <file>rtsv7M4_T_le_v4SPD16_eabi.lib</file>
         <name>args_main.c.obj</name>
      </input_file>
      <input_file id="fl-d7">
         <path>/Users/margalitnoa/ti/tivaware_c_series_2_1_4_178/driverlib/ccs/Debug/</path>
         <kind>archive</kind>
         <file>driverlib.lib</file>
         <name>uart.obj</name>
      </input_file>
      <input_file id="fl-d8">
         <path>/Users/margalitnoa/ti/tivaware_c_series_2_1_4_178/driverlib/ccs/Debug/</path>
         <kind>archive</kind>
         <file>driverlib.lib</file>
         <name>interrupt.obj</name>
      </input_file>
      <input_file id="fl-d9">
         <path>/Users/margalitnoa/ti/tivaware_c_series_2_1_4_178/driverlib/ccs/Debug/</path>
         <kind>archive</kind>
         <file>driverlib.lib</file>
         <name>cpu.obj</name>
      </input_file>
   </input_file_list>
   <object_component_list>
      <object_component id="oc-f">
         <name>.intvecs</name>
         <load_address>0x0</load_address>
         <run_address>0x0</run_address>
         <size>0x26c</size>
         <input_file_ref idref="fl-2"/>
      </object_component>
      <object_component id="oc-2a8">
         <name>.text:chk_mounted</name>
         <load_address>0x7bd4</load_address>
         <run_address>0x7bd4</run_address>
         <size>0x308</size>
         <input_file_ref idref="fl-5"/>
      </object_component>
      <object_component id="oc-342">
         <name>.text:create_name</name>
         <load_address>0x7edc</load_address>
         <run_address>0x7edc</run_address>
         <size>0x233</size>
         <input_file_ref idref="fl-5"/>
      </object_component>
      <object_component id="oc-183">
         <name>.text:UARTvprintf</name>
         <load_address>0x8110</load_address>
         <run_address>0x8110</run_address>
         <size>0x1ee</size>
         <input_file_ref idref="fl-8"/>
      </object_component>
      <object_component id="oc-30">
         <name>.text:FaultISR</name>
         <load_address>0x82fe</load_address>
         <run_address>0x82fe</run_address>
         <size>0x2</size>
         <input_file_ref idref="fl-2"/>
      </object_component>
      <object_component id="oc-206">
         <name>.text:Cmd_ls</name>
         <load_address>0x8300</load_address>
         <run_address>0x8300</run_address>
         <size>0x188</size>
         <input_file_ref idref="fl-1"/>
      </object_component>
      <object_component id="oc-b7">
         <name>.text:main</name>
         <load_address>0x8488</load_address>
         <run_address>0x8488</run_address>
         <size>0x170</size>
         <input_file_ref idref="fl-1"/>
      </object_component>
      <object_component id="oc-28e">
         <name>.text:f_read</name>
         <load_address>0x85f8</load_address>
         <run_address>0x85f8</run_address>
         <size>0x15e</size>
         <input_file_ref idref="fl-5"/>
      </object_component>
      <object_component id="oc-36">
         <name>.text:IntDefaultHandler</name>
         <load_address>0x8756</load_address>
         <run_address>0x8756</run_address>
         <size>0x2</size>
         <input_file_ref idref="fl-2"/>
      </object_component>
      <object_component id="oc-288">
         <name>.text:f_open</name>
         <load_address>0x8758</load_address>
         <run_address>0x8758</run_address>
         <size>0x150</size>
         <input_file_ref idref="fl-5"/>
      </object_component>
      <object_component id="oc-332">
         <name>.text:disk_initialize</name>
         <load_address>0x88a8</load_address>
         <run_address>0x88a8</run_address>
         <size>0x140</size>
         <input_file_ref idref="fl-4"/>
      </object_component>
      <object_component id="oc-2f8">
         <name>.text:dir_register</name>
         <load_address>0x89e8</load_address>
         <run_address>0x89e8</run_address>
         <size>0x112</size>
         <input_file_ref idref="fl-5"/>
      </object_component>
      <object_component id="oc-2a">
         <name>.text:NmiSR</name>
         <load_address>0x8afa</load_address>
         <run_address>0x8afa</run_address>
         <size>0x2</size>
         <input_file_ref idref="fl-2"/>
      </object_component>
      <object_component id="oc-20c">
         <name>.text:Cmd_cd</name>
         <load_address>0x8afc</load_address>
         <run_address>0x8afc</run_address>
         <size>0x10c</size>
         <input_file_ref idref="fl-1"/>
      </object_component>
      <object_component id="oc-2d6">
         <name>.text:dir_next</name>
         <load_address>0x8c08</load_address>
         <run_address>0x8c08</run_address>
         <size>0xf8</size>
         <input_file_ref idref="fl-5"/>
      </object_component>
      <object_component id="oc-2d0">
         <name>.text:get_fileinfo</name>
         <load_address>0x8d00</load_address>
         <run_address>0x8d00</run_address>
         <size>0xf8</size>
         <input_file_ref idref="fl-5"/>
      </object_component>
      <object_component id="oc-39a">
         <name>.text:put_fat</name>
         <load_address>0x8df8</load_address>
         <run_address>0x8df8</run_address>
         <size>0xe2</size>
         <input_file_ref idref="fl-5"/>
      </object_component>
      <object_component id="oc-25e">
         <name>.text:f_getfree</name>
         <load_address>0x8eda</load_address>
         <run_address>0x8eda</run_address>
         <size>0xd8</size>
         <input_file_ref idref="fl-5"/>
      </object_component>
      <object_component id="oc-249">
         <name>.text</name>
         <load_address>0x8fb2</load_address>
         <run_address>0x8fb2</run_address>
         <size>0x2</size>
         <input_file_ref idref="fl-ce"/>
      </object_component>
      <object_component id="oc-218">
         <name>.text:Cmd_cat</name>
         <load_address>0x8fb4</load_address>
         <run_address>0x8fb4</run_address>
         <size>0xd0</size>
         <input_file_ref idref="fl-1"/>
      </object_component>
      <object_component id="oc-2e3">
         <name>.text:get_fat</name>
         <load_address>0x9084</load_address>
         <run_address>0x9084</run_address>
         <size>0xcc</size>
         <input_file_ref idref="fl-5"/>
      </object_component>
      <object_component id="oc-317">
         <name>.text:disk_write</name>
         <load_address>0x9150</load_address>
         <run_address>0x9150</run_address>
         <size>0xb8</size>
         <input_file_ref idref="fl-4"/>
      </object_component>
      <object_component id="oc-348">
         <name>.text:dir_find</name>
         <load_address>0x9208</load_address>
         <run_address>0x9208</run_address>
         <size>0xb6</size>
         <input_file_ref idref="fl-5"/>
      </object_component>
      <object_component id="oc-3d3">
         <name>.text:power_on</name>
         <load_address>0x92c0</load_address>
         <run_address>0x92c0</run_address>
         <size>0xa4</size>
         <input_file_ref idref="fl-4"/>
      </object_component>
      <object_component id="oc-385">
         <name>.text:gen_numname</name>
         <load_address>0x9364</load_address>
         <run_address>0x9364</run_address>
         <size>0xa0</size>
         <input_file_ref idref="fl-5"/>
      </object_component>
      <object_component id="oc-2ca">
         <name>.text:dir_read</name>
         <load_address>0x9404</load_address>
         <run_address>0x9404</run_address>
         <size>0x9e</size>
         <input_file_ref idref="fl-5"/>
      </object_component>
      <object_component id="oc-50">
         <name>.text</name>
         <load_address>0x94a2</load_address>
         <run_address>0x94a2</run_address>
         <size>0x9c</size>
         <input_file_ref idref="fl-d0"/>
      </object_component>
      <object_component id="oc-105">
         <name>.text:UARTgets</name>
         <load_address>0x9540</load_address>
         <run_address>0x9540</run_address>
         <size>0x98</size>
         <input_file_ref idref="fl-8"/>
      </object_component>
      <object_component id="oc-368">
         <name>.text:create_chain</name>
         <load_address>0x95d8</load_address>
         <run_address>0x95d8</run_address>
         <size>0x98</size>
         <input_file_ref idref="fl-5"/>
      </object_component>
      <object_component id="oc-31d">
         <name>.text:disk_read</name>
         <load_address>0x9670</load_address>
         <run_address>0x9670</run_address>
         <size>0x90</size>
         <input_file_ref idref="fl-4"/>
      </object_component>
      <object_component id="oc-2ba">
         <name>.text:dir_sdi</name>
         <load_address>0x9700</load_address>
         <run_address>0x9700</run_address>
         <size>0x7c</size>
         <input_file_ref idref="fl-5"/>
      </object_component>
      <object_component id="oc-ab">
         <name>.text</name>
         <load_address>0x977c</load_address>
         <run_address>0x977c</run_address>
         <size>0x7a</size>
         <input_file_ref idref="fl-cf"/>
      </object_component>
      <object_component id="oc-ed">
         <name>.text:ConfigureUART</name>
         <load_address>0x97f8</load_address>
         <run_address>0x97f8</run_address>
         <size>0x74</size>
         <input_file_ref idref="fl-1"/>
      </object_component>
      <object_component id="oc-338">
         <name>.text:check_fs</name>
         <load_address>0x986c</load_address>
         <run_address>0x986c</run_address>
         <size>0x74</size>
         <input_file_ref idref="fl-5"/>
      </object_component>
      <object_component id="oc-402">
         <name>.text:cmp_lfn</name>
         <load_address>0x98e0</load_address>
         <run_address>0x98e0</run_address>
         <size>0x74</size>
         <input_file_ref idref="fl-5"/>
      </object_component>
      <object_component id="oc-12">
         <name>.text:decompress:lzss:__TI_decompress_lzss</name>
         <load_address>0x9954</load_address>
         <run_address>0x9954</run_address>
         <size>0x68</size>
         <input_file_ref idref="fl-c7"/>
      </object_component>
      <object_component id="oc-3a8">
         <name>.text:send_cmd</name>
         <load_address>0x99bc</load_address>
         <run_address>0x99bc</run_address>
         <size>0x66</size>
         <input_file_ref idref="fl-4"/>
      </object_component>
      <object_component id="oc-10b">
         <name>.text:CmdLineProcess</name>
         <load_address>0x9a24</load_address>
         <run_address>0x9a24</run_address>
         <size>0x64</size>
         <input_file_ref idref="fl-7"/>
      </object_component>
      <object_component id="oc-200">
         <name>.text:Cmd_help</name>
         <load_address>0x9a88</load_address>
         <run_address>0x9a88</run_address>
         <size>0x64</size>
         <input_file_ref idref="fl-1"/>
      </object_component>
      <object_component id="oc-252">
         <name>.text:f_opendir</name>
         <load_address>0x9aec</load_address>
         <run_address>0x9aec</run_address>
         <size>0x64</size>
         <input_file_ref idref="fl-5"/>
      </object_component>
      <object_component id="oc-391">
         <name>.text:fit_lfn</name>
         <load_address>0x9b50</load_address>
         <run_address>0x9b50</run_address>
         <size>0x64</size>
         <input_file_ref idref="fl-5"/>
      </object_component>
      <object_component id="oc-2ae">
         <name>.text:follow_path</name>
         <load_address>0x9bb4</load_address>
         <run_address>0x9bb4</run_address>
         <size>0x64</size>
         <input_file_ref idref="fl-5"/>
      </object_component>
      <object_component id="oc-30a">
         <name>.text:remove_chain</name>
         <load_address>0x9c18</load_address>
         <run_address>0x9c18</run_address>
         <size>0x62</size>
         <input_file_ref idref="fl-5"/>
      </object_component>
      <object_component id="oc-17c">
         <name>.text:UARTStdioConfig</name>
         <load_address>0x9c7c</load_address>
         <run_address>0x9c7c</run_address>
         <size>0x60</size>
         <input_file_ref idref="fl-8"/>
      </object_component>
      <object_component id="oc-361">
         <name>.text:ff_convert</name>
         <load_address>0x9cdc</load_address>
         <run_address>0x9cdc</run_address>
         <size>0x60</size>
         <input_file_ref idref="fl-6"/>
      </object_component>
      <object_component id="oc-35a">
         <name>.text:pick_lfn</name>
         <load_address>0x9d3c</load_address>
         <run_address>0x9d3c</run_address>
         <size>0x60</size>
         <input_file_ref idref="fl-5"/>
      </object_component>
      <object_component id="oc-3d9">
         <name>.text:send_initial_clock_train</name>
         <load_address>0x9d9c</load_address>
         <run_address>0x9d9c</run_address>
         <size>0x60</size>
         <input_file_ref idref="fl-4"/>
      </object_component>
      <object_component id="oc-36e">
         <name>.text:sync_window</name>
         <load_address>0x9dfc</load_address>
         <run_address>0x9dfc</run_address>
         <size>0x56</size>
         <input_file_ref idref="fl-5"/>
      </object_component>
      <object_component id="oc-258">
         <name>.text:f_readdir</name>
         <load_address>0x9e54</load_address>
         <run_address>0x9e54</run_address>
         <size>0x54</size>
         <input_file_ref idref="fl-5"/>
      </object_component>
      <object_component id="oc-3e5">
         <name>.text:set_max_speed</name>
         <load_address>0x9ea8</load_address>
         <run_address>0x9ea8</run_address>
         <size>0x54</size>
         <input_file_ref idref="fl-4"/>
      </object_component>
      <object_component id="oc-3ae">
         <name>.text:xmit_datablock</name>
         <load_address>0x9efc</load_address>
         <run_address>0x9efc</run_address>
         <size>0x52</size>
         <input_file_ref idref="fl-4"/>
      </object_component>
      <object_component id="oc-199">
         <name>.text:UARTwrite</name>
         <load_address>0x9f50</load_address>
         <run_address>0x9f50</run_address>
         <size>0x48</size>
         <input_file_ref idref="fl-8"/>
      </object_component>
      <object_component id="oc-3c4">
         <name>.text:rcvr_datablock</name>
         <load_address>0x9f98</load_address>
         <run_address>0x9f98</run_address>
         <size>0x48</size>
         <input_file_ref idref="fl-4"/>
      </object_component>
      <object_component id="oc-127">
         <name>.text:__TI_auto_init_nobinit_nopinit:__TI_auto_init_nobinit_nopinit</name>
         <load_address>0x9fe0</load_address>
         <run_address>0x9fe0</run_address>
         <size>0x44</size>
         <input_file_ref idref="fl-d1"/>
      </object_component>
      <object_component id="oc-1ea">
         <name>.text</name>
         <load_address>0xa024</load_address>
         <run_address>0xa024</run_address>
         <size>0x40</size>
         <input_file_ref idref="fl-c4"/>
      </object_component>
      <object_component id="oc-38b">
         <name>.text:dir_alloc</name>
         <load_address>0xa064</load_address>
         <run_address>0xa064</run_address>
         <size>0x3e</size>
         <input_file_ref idref="fl-5"/>
      </object_component>
      <object_component id="oc-27d">
         <name>.text:strncpy</name>
         <load_address>0xa0a2</load_address>
         <run_address>0xa0a2</run_address>
         <size>0x36</size>
         <input_file_ref idref="fl-cc"/>
      </object_component>
      <object_component id="oc-ff">
         <name>.text:StringFromFResult</name>
         <load_address>0xa0d8</load_address>
         <run_address>0xa0d8</run_address>
         <size>0x34</size>
         <input_file_ref idref="fl-1"/>
      </object_component>
      <object_component id="oc-6e">
         <name>.text:_c_int00_noargs:_c_int00_noargs</name>
         <load_address>0xa10c</load_address>
         <run_address>0xa10c</run_address>
         <size>0x34</size>
         <input_file_ref idref="fl-cd"/>
      </object_component>
      <object_component id="oc-3ca">
         <name>.text:send_cmd12</name>
         <load_address>0xa140</load_address>
         <run_address>0xa140</run_address>
         <size>0x32</size>
         <input_file_ref idref="fl-4"/>
      </object_component>
      <object_component id="oc-2dd">
         <name>.text:move_window</name>
         <load_address>0xa172</load_address>
         <run_address>0xa172</run_address>
         <size>0x2e</size>
         <input_file_ref idref="fl-5"/>
      </object_component>
      <object_component id="oc-f9">
         <name>.text:f_mount</name>
         <load_address>0xa1a0</load_address>
         <run_address>0xa1a0</run_address>
         <size>0x2c</size>
         <input_file_ref idref="fl-5"/>
      </object_component>
      <object_component id="oc-3ba">
         <name>.text:rcvr_spi</name>
         <load_address>0xa1cc</load_address>
         <run_address>0xa1cc</run_address>
         <size>0x2c</size>
         <input_file_ref idref="fl-4"/>
      </object_component>
      <object_component id="oc-3f5">
         <name>.text:ff_wtoupper</name>
         <load_address>0xa1f8</load_address>
         <run_address>0xa1f8</run_address>
         <size>0x28</size>
         <input_file_ref idref="fl-6"/>
      </object_component>
      <object_component id="oc-2c4">
         <name>.text:validate</name>
         <load_address>0xa220</load_address>
         <run_address>0xa220</run_address>
         <size>0x28</size>
         <input_file_ref idref="fl-5"/>
      </object_component>
      <object_component id="oc-421">
         <name>.text:xmit_spi</name>
         <load_address>0xa248</load_address>
         <run_address>0xa248</run_address>
         <size>0x24</size>
         <input_file_ref idref="fl-4"/>
      </object_component>
      <object_component id="oc-3c">
         <name>.text:disk_timerproc</name>
         <load_address>0xa26c</load_address>
         <run_address>0xa26c</run_address>
         <size>0x20</size>
         <input_file_ref idref="fl-4"/>
      </object_component>
      <object_component id="oc-41b">
         <name>.text:wait_ready</name>
         <load_address>0xa28c</load_address>
         <run_address>0xa28c</run_address>
         <size>0x20</size>
         <input_file_ref idref="fl-4"/>
      </object_component>
      <object_component id="oc-2b4">
         <name>.text:ld_clust</name>
         <load_address>0xa2ac</load_address>
         <run_address>0xa2ac</run_address>
         <size>0x1e</size>
         <input_file_ref idref="fl-5"/>
      </object_component>
      <object_component id="oc-277">
         <name>.text:strcat</name>
         <load_address>0xa2ca</load_address>
         <run_address>0xa2ca</run_address>
         <size>0x1e</size>
         <input_file_ref idref="fl-c8"/>
      </object_component>
      <object_component id="oc-354">
         <name>.text:sum_sfn</name>
         <load_address>0xa2e8</load_address>
         <run_address>0xa2e8</run_address>
         <size>0x1e</size>
         <input_file_ref idref="fl-5"/>
      </object_component>
      <object_component id="oc-3b4">
         <name>.text:DESELECT</name>
         <load_address>0xa308</load_address>
         <run_address>0xa308</run_address>
         <size>0x1c</size>
         <input_file_ref idref="fl-4"/>
      </object_component>
      <object_component id="oc-3a2">
         <name>.text:SELECT</name>
         <load_address>0xa324</load_address>
         <run_address>0xa324</run_address>
         <size>0x1c</size>
         <input_file_ref idref="fl-4"/>
      </object_component>
      <object_component id="oc-3fc">
         <name>.text:mem_cmp</name>
         <load_address>0xa340</load_address>
         <run_address>0xa340</run_address>
         <size>0x1c</size>
         <input_file_ref idref="fl-5"/>
      </object_component>
      <object_component id="oc-f3">
         <name>.text:UARTprintf</name>
         <load_address>0xa35c</load_address>
         <run_address>0xa35c</run_address>
         <size>0x1a</size>
         <input_file_ref idref="fl-8"/>
      </object_component>
      <object_component id="oc-212">
         <name>.text:Cmd_pwd</name>
         <load_address>0xa378</load_address>
         <run_address>0xa378</run_address>
         <size>0x18</size>
         <input_file_ref idref="fl-1"/>
      </object_component>
      <object_component id="oc-311">
         <name>.text:clust2sect</name>
         <load_address>0xa390</load_address>
         <run_address>0xa390</run_address>
         <size>0x18</size>
         <input_file_ref idref="fl-5"/>
      </object_component>
      <object_component id="oc-1a3">
         <name>.text:strcmp</name>
         <load_address>0xa3a8</load_address>
         <run_address>0xa3a8</run_address>
         <size>0x18</size>
         <input_file_ref idref="fl-c9"/>
      </object_component>
      <object_component id="oc-323">
         <name>.text:mem_cpy</name>
         <load_address>0xa3c0</load_address>
         <run_address>0xa3c0</run_address>
         <size>0x16</size>
         <input_file_ref idref="fl-5"/>
      </object_component>
      <object_component id="oc-374">
         <name>.text:mem_set</name>
         <load_address>0xa3d6</load_address>
         <run_address>0xa3d6</run_address>
         <size>0x14</size>
         <input_file_ref idref="fl-5"/>
      </object_component>
      <object_component id="oc-26b">
         <name>.text:strcpy</name>
         <load_address>0xa3ea</load_address>
         <run_address>0xa3ea</run_address>
         <size>0x14</size>
         <input_file_ref idref="fl-ca"/>
      </object_component>
      <object_component id="oc-271">
         <name>.text:strlen</name>
         <load_address>0xa3fe</load_address>
         <run_address>0xa3fe</run_address>
         <size>0x14</size>
         <input_file_ref idref="fl-cb"/>
      </object_component>
      <object_component id="oc-3ef">
         <name>.text:chk_chr</name>
         <load_address>0xa412</load_address>
         <run_address>0xa412</run_address>
         <size>0x12</size>
         <input_file_ref idref="fl-5"/>
      </object_component>
      <object_component id="oc-32c">
         <name>.text:disk_status</name>
         <load_address>0xa424</load_address>
         <run_address>0xa424</run_address>
         <size>0x10</size>
         <input_file_ref idref="fl-4"/>
      </object_component>
      <object_component id="oc-304">
         <name>.text:st_clust</name>
         <load_address>0xa434</load_address>
         <run_address>0xa434</run_address>
         <size>0x10</size>
         <input_file_ref idref="fl-5"/>
      </object_component>
      <object_component id="oc-18">
         <name>.text:decompress:none:__TI_decompress_none</name>
         <load_address>0xa444</load_address>
         <run_address>0xa444</run_address>
         <size>0xe</size>
         <input_file_ref idref="fl-c6"/>
      </object_component>
      <object_component id="oc-62">
         <name>.text:decompress:ZI:__TI_zero_init</name>
         <load_address>0xa452</load_address>
         <run_address>0xa452</run_address>
         <size>0xc</size>
         <input_file_ref idref="fl-c5"/>
      </object_component>
      <object_component id="oc-3df">
         <name>.text:power_off</name>
         <load_address>0xa460</load_address>
         <run_address>0xa460</run_address>
         <size>0xc</size>
         <input_file_ref idref="fl-4"/>
      </object_component>
      <object_component id="oc-42d">
         <name>.text:rcvr_spi_m</name>
         <load_address>0xa46c</load_address>
         <run_address>0xa46c</run_address>
         <size>0xc</size>
         <input_file_ref idref="fl-4"/>
      </object_component>
      <object_component id="oc-2fe">
         <name>.text:get_fattime</name>
         <load_address>0xa478</load_address>
         <run_address>0xa478</run_address>
         <size>0x8</size>
         <input_file_ref idref="fl-4"/>
      </object_component>
      <object_component id="oc-24">
         <name>.text:ResetISR</name>
         <load_address>0xa480</load_address>
         <run_address>0xa480</run_address>
         <size>0x6</size>
         <input_file_ref idref="fl-2"/>
      </object_component>
      <object_component id="oc-176">
         <name>.text:UARTClockSourceSet</name>
         <load_address>0xa486</load_address>
         <run_address>0xa486</run_address>
         <size>0x6</size>
         <input_file_ref idref="fl-d7"/>
      </object_component>
      <object_component id="oc-b1">
         <name>.text:_system_pre_init</name>
         <load_address>0xa48c</load_address>
         <run_address>0xa48c</run_address>
         <size>0x4</size>
         <input_file_ref idref="fl-d2"/>
      </object_component>
      <object_component id="oc-11b">
         <name>.text:abort:abort</name>
         <load_address>0xa490</load_address>
         <run_address>0xa490</run_address>
         <size>0x4</size>
         <input_file_ref idref="fl-d4"/>
      </object_component>
      <object_component id="oc-40e">
         <name>.const:uni2sjis</name>
         <load_address>0x26c</load_address>
         <run_address>0x26c</run_address>
         <size>0x7378</size>
         <input_file_ref idref="fl-6"/>
      </object_component>
      <object_component id="oc-1f6">
         <name>.const:.string</name>
         <load_address>0x75e4</load_address>
         <run_address>0x75e4</run_address>
         <size>0x20a</size>
         <input_file_ref idref="fl-1"/>
      </object_component>
      <object_component id="oc-43a">
         <name>.const:tbl_lower$1</name>
         <load_address>0x77ee</load_address>
         <run_address>0x77ee</run_address>
         <size>0x1e0</size>
         <input_file_ref idref="fl-6"/>
      </object_component>
      <object_component id="oc-43b">
         <name>.const:tbl_upper$2</name>
         <load_address>0x79ce</load_address>
         <run_address>0x79ce</run_address>
         <size>0x1e0</size>
         <input_file_ref idref="fl-6"/>
      </object_component>
      <object_component id="oc-40a">
         <name>.const:.string:LfnOfs</name>
         <load_address>0x7bae</load_address>
         <run_address>0x7bae</run_address>
         <size>0xd</size>
         <input_file_ref idref="fl-5"/>
      </object_component>
      <object_component id="oc-1e6">
         <name>.const:g_ui32UARTBase</name>
         <load_address>0x7bbc</load_address>
         <run_address>0x7bbc</run_address>
         <size>0xc</size>
         <input_file_ref idref="fl-8"/>
      </object_component>
      <object_component id="oc-1e3">
         <name>.const:g_ui32UARTPeriph</name>
         <load_address>0x7bc8</load_address>
         <run_address>0x7bc8</run_address>
         <size>0xc</size>
         <input_file_ref idref="fl-8"/>
      </object_component>
      <object_component id="oc-471">
         <name>.cinit..data.load</name>
         <load_address>0xa498</load_address>
         <run_address>0xa498</run_address>
         <size>0xd8</size>
      </object_component>
      <object_component id="oc-46f">
         <name>__TI_handler_table</name>
         <load_address>0xa570</load_address>
         <run_address>0xa570</run_address>
         <size>0xc</size>
      </object_component>
      <object_component id="oc-472">
         <name>.cinit..bss.load</name>
         <load_address>0xa580</load_address>
         <run_address>0xa580</run_address>
         <size>0x8</size>
      </object_component>
      <object_component id="oc-470">
         <name>__TI_cinit_table</name>
         <load_address>0xa588</load_address>
         <run_address>0xa588</run_address>
         <size>0x10</size>
      </object_component>
      <object_component id="oc-117">
         <name>.data:g_pcCwdBuf</name>
         <load_address>0x20000c6c</load_address>
         <run_address>0x20000c6c</run_address>
         <size>0x50</size>
         <input_file_ref idref="fl-1"/>
      </object_component>
      <object_component id="oc-195">
         <name>.data:g_psFResultStrings</name>
         <load_address>0x20000b60</load_address>
         <run_address>0x20000b60</run_address>
         <size>0xa0</size>
         <input_file_ref idref="fl-1"/>
      </object_component>
      <object_component id="oc-1ac">
         <name>.data:g_psCmdTable</name>
         <load_address>0x20000c00</load_address>
         <run_address>0x20000c00</run_address>
         <size>0x6c</size>
         <input_file_ref idref="fl-1"/>
      </object_component>
      <object_component id="oc-3c0">
         <name>.data</name>
         <load_address>0x20000cc1</load_address>
         <run_address>0x20000cc1</run_address>
         <size>0x2</size>
         <input_file_ref idref="fl-4"/>
      </object_component>
      <object_component id="oc-19f">
         <name>.data</name>
         <load_address>0x20000cbc</load_address>
         <run_address>0x20000cbc</run_address>
         <size>0x5</size>
         <input_file_ref idref="fl-8"/>
      </object_component>
      <object_component id="oc-283">
         <name>.bss:g_pcTmpBuf</name>
         <uninitialized>true</uninitialized>
         <run_address>0x20000658</run_address>
         <size>0x50</size>
         <input_file_ref idref="fl-1"/>
      </object_component>
      <object_component id="oc-114">
         <name>.bss:g_pcCmdBuf</name>
         <uninitialized>true</uninitialized>
         <run_address>0x200006a8</run_address>
         <size>0x40</size>
         <input_file_ref idref="fl-1"/>
      </object_component>
      <object_component id="oc-111">
         <name>.bss:g_sFatFs</name>
         <uninitialized>true</uninitialized>
         <run_address>0x20000000</run_address>
         <size>0x234</size>
         <input_file_ref idref="fl-1"/>
      </object_component>
      <object_component id="oc-267">
         <name>.bss:g_sDirObject</name>
         <uninitialized>true</uninitialized>
         <run_address>0x2000070c</run_address>
         <size>0x24</size>
         <input_file_ref idref="fl-1"/>
      </object_component>
      <object_component id="oc-264">
         <name>.bss:g_sFileInfo</name>
         <uninitialized>true</uninitialized>
         <run_address>0x20000730</run_address>
         <size>0x20</size>
         <input_file_ref idref="fl-1"/>
      </object_component>
      <object_component id="oc-294">
         <name>.bss:g_sFileObject</name>
         <uninitialized>true</uninitialized>
         <run_address>0x20000234</run_address>
         <size>0x224</size>
         <input_file_ref idref="fl-1"/>
      </object_component>
      <object_component id="oc-86">
         <name>.bss</name>
         <uninitialized>true</uninitialized>
         <run_address>0x20000754</run_address>
         <size>0x3</size>
         <input_file_ref idref="fl-4"/>
      </object_component>
      <object_component id="oc-190">
         <name>.bss:FatFs</name>
         <uninitialized>true</uninitialized>
         <run_address>0x20000750</run_address>
         <size>0x4</size>
         <input_file_ref idref="fl-5"/>
      </object_component>
      <object_component id="oc-33e">
         <name>.bss</name>
         <uninitialized>true</uninitialized>
         <run_address>0x20000758</run_address>
         <size>0x2</size>
         <input_file_ref idref="fl-5"/>
      </object_component>
      <object_component id="oc-2c0">
         <name>.bss:LfnBuf</name>
         <uninitialized>true</uninitialized>
         <run_address>0x20000458</run_address>
         <size>0x200</size>
         <input_file_ref idref="fl-5"/>
      </object_component>
      <object_component id="oc-1a9">
         <name>.bss:g_ppcArgv</name>
         <uninitialized>true</uninitialized>
         <run_address>0x200006e8</run_address>
         <size>0x24</size>
         <input_file_ref idref="fl-7"/>
      </object_component>
      <object_component id="oc-21">
         <name>.stack</name>
         <uninitialized>true</uninitialized>
         <run_address>0x20000760</run_address>
         <size>0x4</size>
         <input_file_ref idref="fl-cd"/>
      </object_component>
      <object_component id="oc-473">
         <name>.stack</name>
         <uninitialized>true</uninitialized>
         <run_address>0x20000760</run_address>
         <size>0x0</size>
      </object_component>
      <object_component id="oc-db">
         <name>.debug_info</name>
         <load_address>0x0</load_address>
         <run_address>0x0</run_address>
         <size>0x881</size>
         <input_file_ref idref="fl-1"/>
      </object_component>
      <object_component id="oc-118">
         <name>.debug_info</name>
         <load_address>0x881</load_address>
         <run_address>0x881</run_address>
         <size>0xd6</size>
         <input_file_ref idref="fl-1"/>
      </object_component>
      <object_component id="oc-284">
         <name>.debug_info</name>
         <load_address>0x957</load_address>
         <run_address>0x957</run_address>
         <size>0xd6</size>
         <input_file_ref idref="fl-1"/>
      </object_component>
      <object_component id="oc-115">
         <name>.debug_info</name>
         <load_address>0xa2d</load_address>
         <run_address>0xa2d</run_address>
         <size>0xd6</size>
         <input_file_ref idref="fl-1"/>
      </object_component>
      <object_component id="oc-112">
         <name>.debug_info</name>
         <load_address>0xb03</load_address>
         <run_address>0xb03</run_address>
         <size>0xd2</size>
         <input_file_ref idref="fl-1"/>
      </object_component>
      <object_component id="oc-268">
         <name>.debug_info</name>
         <load_address>0xbd5</load_address>
         <run_address>0xbd5</run_address>
         <size>0xda</size>
         <input_file_ref idref="fl-1"/>
      </object_component>
      <object_component id="oc-265">
         <name>.debug_info</name>
         <load_address>0xcaf</load_address>
         <run_address>0xcaf</run_address>
         <size>0xd8</size>
         <input_file_ref idref="fl-1"/>
      </object_component>
      <object_component id="oc-295">
         <name>.debug_info</name>
         <load_address>0xd87</load_address>
         <run_address>0xd87</run_address>
         <size>0xdc</size>
         <input_file_ref idref="fl-1"/>
      </object_component>
      <object_component id="oc-196">
         <name>.debug_info</name>
         <load_address>0xe63</load_address>
         <run_address>0xe63</run_address>
         <size>0xe7</size>
         <input_file_ref idref="fl-1"/>
      </object_component>
      <object_component id="oc-1ad">
         <name>.debug_info</name>
         <load_address>0xf4a</load_address>
         <run_address>0xf4a</run_address>
         <size>0xdc</size>
         <input_file_ref idref="fl-1"/>
      </object_component>
      <object_component id="oc-219">
         <name>.debug_info</name>
         <load_address>0x1026</load_address>
         <run_address>0x1026</run_address>
         <size>0x232</size>
         <input_file_ref idref="fl-1"/>
      </object_component>
      <object_component id="oc-213">
         <name>.debug_info</name>
         <load_address>0x1258</load_address>
         <run_address>0x1258</run_address>
         <size>0x13b</size>
         <input_file_ref idref="fl-1"/>
      </object_component>
      <object_component id="oc-20d">
         <name>.debug_info</name>
         <load_address>0x1393</load_address>
         <run_address>0x1393</run_address>
         <size>0x230</size>
         <input_file_ref idref="fl-1"/>
      </object_component>
      <object_component id="oc-207">
         <name>.debug_info</name>
         <load_address>0x15c3</load_address>
         <run_address>0x15c3</run_address>
         <size>0x299</size>
         <input_file_ref idref="fl-1"/>
      </object_component>
      <object_component id="oc-201">
         <name>.debug_info</name>
         <load_address>0x185c</load_address>
         <run_address>0x185c</run_address>
         <size>0x176</size>
         <input_file_ref idref="fl-1"/>
      </object_component>
      <object_component id="oc-ee">
         <name>.debug_info</name>
         <load_address>0x19d2</load_address>
         <run_address>0x19d2</run_address>
         <size>0x178</size>
         <input_file_ref idref="fl-1"/>
      </object_component>
      <object_component id="oc-100">
         <name>.debug_info</name>
         <load_address>0x1b4a</load_address>
         <run_address>0x1b4a</run_address>
         <size>0x14b</size>
         <input_file_ref idref="fl-1"/>
      </object_component>
      <object_component id="oc-b8">
         <name>.debug_info</name>
         <load_address>0x1c95</load_address>
         <run_address>0x1c95</run_address>
         <size>0x246</size>
         <input_file_ref idref="fl-1"/>
      </object_component>
      <object_component id="oc-162">
         <name>.debug_info</name>
         <load_address>0x1edb</load_address>
         <run_address>0x1edb</run_address>
         <size>0x515</size>
         <input_file_ref idref="fl-1"/>
      </object_component>
      <object_component id="oc-cc">
         <name>.debug_info</name>
         <load_address>0x23f0</load_address>
         <run_address>0x23f0</run_address>
         <size>0xe4</size>
         <input_file_ref idref="fl-1"/>
      </object_component>
      <object_component id="oc-15b">
         <name>.debug_info</name>
         <load_address>0x24d4</load_address>
         <run_address>0x24d4</run_address>
         <size>0x70</size>
         <input_file_ref idref="fl-1"/>
      </object_component>
      <object_component id="oc-167">
         <name>.debug_info</name>
         <load_address>0x2544</load_address>
         <run_address>0x2544</run_address>
         <size>0x5e</size>
         <input_file_ref idref="fl-1"/>
      </object_component>
      <object_component id="oc-16c">
         <name>.debug_info</name>
         <load_address>0x25a2</load_address>
         <run_address>0x25a2</run_address>
         <size>0x6bd</size>
         <input_file_ref idref="fl-1"/>
      </object_component>
      <object_component id="oc-171">
         <name>.debug_info</name>
         <load_address>0x2c5f</load_address>
         <run_address>0x2c5f</run_address>
         <size>0x7f</size>
         <input_file_ref idref="fl-1"/>
      </object_component>
      <object_component id="oc-8c">
         <name>.debug_info</name>
         <load_address>0x2cde</load_address>
         <run_address>0x2cde</run_address>
         <size>0x26b</size>
         <input_file_ref idref="fl-1"/>
      </object_component>
      <object_component id="oc-d6">
         <name>.debug_info</name>
         <load_address>0x2f49</load_address>
         <run_address>0x2f49</run_address>
         <size>0x8b</size>
         <input_file_ref idref="fl-1"/>
      </object_component>
      <object_component id="oc-d1">
         <name>.debug_info</name>
         <load_address>0x2fd4</load_address>
         <run_address>0x2fd4</run_address>
         <size>0x297</size>
         <input_file_ref idref="fl-1"/>
      </object_component>
      <object_component id="oc-1b1">
         <name>.debug_info</name>
         <load_address>0x326b</load_address>
         <run_address>0x326b</run_address>
         <size>0xef</size>
         <input_file_ref idref="fl-1"/>
      </object_component>
      <object_component id="oc-91">
         <name>.debug_info</name>
         <load_address>0x335a</load_address>
         <run_address>0x335a</run_address>
         <size>0xbb</size>
         <input_file_ref idref="fl-1"/>
      </object_component>
      <object_component id="oc-e4">
         <name>.debug_info</name>
         <load_address>0x3415</load_address>
         <run_address>0x3415</run_address>
         <size>0x2c</size>
         <input_file_ref idref="fl-1"/>
      </object_component>
      <object_component id="oc-18b">
         <name>.debug_info</name>
         <load_address>0x3441</load_address>
         <run_address>0x3441</run_address>
         <size>0x2c</size>
         <input_file_ref idref="fl-1"/>
      </object_component>
      <object_component id="oc-44">
         <name>.debug_info</name>
         <load_address>0x346d</load_address>
         <run_address>0x346d</run_address>
         <size>0x2c4</size>
         <input_file_ref idref="fl-2"/>
      </object_component>
      <object_component id="oc-10">
         <name>.debug_info</name>
         <load_address>0x3731</load_address>
         <run_address>0x3731</run_address>
         <size>0xdf</size>
         <input_file_ref idref="fl-2"/>
      </object_component>
      <object_component id="oc-25">
         <name>.debug_info</name>
         <load_address>0x3810</load_address>
         <run_address>0x3810</run_address>
         <size>0x10f</size>
         <input_file_ref idref="fl-2"/>
      </object_component>
      <object_component id="oc-2b">
         <name>.debug_info</name>
         <load_address>0x391f</load_address>
         <run_address>0x391f</run_address>
         <size>0x100</size>
         <input_file_ref idref="fl-2"/>
      </object_component>
      <object_component id="oc-37">
         <name>.debug_info</name>
         <load_address>0x3a1f</load_address>
         <run_address>0x3a1f</run_address>
         <size>0x118</size>
         <input_file_ref idref="fl-2"/>
      </object_component>
      <object_component id="oc-31">
         <name>.debug_info</name>
         <load_address>0x3b37</load_address>
         <run_address>0x3b37</run_address>
         <size>0x106</size>
         <input_file_ref idref="fl-2"/>
      </object_component>
      <object_component id="oc-4b">
         <name>.debug_info</name>
         <load_address>0x3c3d</load_address>
         <run_address>0x3c3d</run_address>
         <size>0x84</size>
         <input_file_ref idref="fl-2"/>
      </object_component>
      <object_component id="oc-cb">
         <name>.debug_info</name>
         <load_address>0x3cc1</load_address>
         <run_address>0x3cc1</run_address>
         <size>0x2f2</size>
         <input_file_ref idref="fl-4"/>
      </object_component>
      <object_component id="oc-3c1">
         <name>.debug_info</name>
         <load_address>0x3fb3</load_address>
         <run_address>0x3fb3</run_address>
         <size>0x14b</size>
         <input_file_ref idref="fl-4"/>
      </object_component>
      <object_component id="oc-87">
         <name>.debug_info</name>
         <load_address>0x40fe</load_address>
         <run_address>0x40fe</run_address>
         <size>0x158</size>
         <input_file_ref idref="fl-4"/>
      </object_component>
      <object_component id="oc-2ff">
         <name>.debug_info</name>
         <load_address>0x4256</load_address>
         <run_address>0x4256</run_address>
         <size>0x1fa</size>
         <input_file_ref idref="fl-4"/>
      </object_component>
      <object_component id="oc-3a3">
         <name>.debug_info</name>
         <load_address>0x4450</load_address>
         <run_address>0x4450</run_address>
         <size>0x1ef</size>
         <input_file_ref idref="fl-4"/>
      </object_component>
      <object_component id="oc-3bb">
         <name>.debug_info</name>
         <load_address>0x463f</load_address>
         <run_address>0x463f</run_address>
         <size>0x21c</size>
         <input_file_ref idref="fl-4"/>
      </object_component>
      <object_component id="oc-41c">
         <name>.debug_info</name>
         <load_address>0x485b</load_address>
         <run_address>0x485b</run_address>
         <size>0x221</size>
         <input_file_ref idref="fl-4"/>
      </object_component>
      <object_component id="oc-422">
         <name>.debug_info</name>
         <load_address>0x4a7c</load_address>
         <run_address>0x4a7c</run_address>
         <size>0x236</size>
         <input_file_ref idref="fl-4"/>
      </object_component>
      <object_component id="oc-3a9">
         <name>.debug_info</name>
         <load_address>0x4cb2</load_address>
         <run_address>0x4cb2</run_address>
         <size>0x2dd</size>
         <input_file_ref idref="fl-4"/>
      </object_component>
      <object_component id="oc-3af">
         <name>.debug_info</name>
         <load_address>0x4f8f</load_address>
         <run_address>0x4f8f</run_address>
         <size>0x2d6</size>
         <input_file_ref idref="fl-4"/>
      </object_component>
      <object_component id="oc-3b5">
         <name>.debug_info</name>
         <load_address>0x5265</load_address>
         <run_address>0x5265</run_address>
         <size>0x1f3</size>
         <input_file_ref idref="fl-4"/>
      </object_component>
      <object_component id="oc-318">
         <name>.debug_info</name>
         <load_address>0x5458</load_address>
         <run_address>0x5458</run_address>
         <size>0x334</size>
         <input_file_ref idref="fl-4"/>
      </object_component>
      <object_component id="oc-3d">
         <name>.debug_info</name>
         <load_address>0x578c</load_address>
         <run_address>0x578c</run_address>
         <size>0x212</size>
         <input_file_ref idref="fl-4"/>
      </object_component>
      <object_component id="oc-32d">
         <name>.debug_info</name>
         <load_address>0x599e</load_address>
         <run_address>0x599e</run_address>
         <size>0x218</size>
         <input_file_ref idref="fl-4"/>
      </object_component>
      <object_component id="oc-42e">
         <name>.debug_info</name>
         <load_address>0x5bb6</load_address>
         <run_address>0x5bb6</run_address>
         <size>0x21d</size>
         <input_file_ref idref="fl-4"/>
      </object_component>
      <object_component id="oc-3c5">
         <name>.debug_info</name>
         <load_address>0x5dd3</load_address>
         <run_address>0x5dd3</run_address>
         <size>0x2a1</size>
         <input_file_ref idref="fl-4"/>
      </object_component>
      <object_component id="oc-3cb">
         <name>.debug_info</name>
         <load_address>0x6074</load_address>
         <run_address>0x6074</run_address>
         <size>0x260</size>
         <input_file_ref idref="fl-4"/>
      </object_component>
      <object_component id="oc-31e">
         <name>.debug_info</name>
         <load_address>0x62d4</load_address>
         <run_address>0x62d4</run_address>
         <size>0x310</size>
         <input_file_ref idref="fl-4"/>
      </object_component>
      <object_component id="oc-3e0">
         <name>.debug_info</name>
         <load_address>0x65e4</load_address>
         <run_address>0x65e4</run_address>
         <size>0x1ee</size>
         <input_file_ref idref="fl-4"/>
      </object_component>
      <object_component id="oc-3da">
         <name>.debug_info</name>
         <load_address>0x67d2</load_address>
         <run_address>0x67d2</run_address>
         <size>0x256</size>
         <input_file_ref idref="fl-4"/>
      </object_component>
      <object_component id="oc-3d4">
         <name>.debug_info</name>
         <load_address>0x6a28</load_address>
         <run_address>0x6a28</run_address>
         <size>0x24a</size>
         <input_file_ref idref="fl-4"/>
      </object_component>
      <object_component id="oc-3e6">
         <name>.debug_info</name>
         <load_address>0x6c72</load_address>
         <run_address>0x6c72</run_address>
         <size>0x224</size>
         <input_file_ref idref="fl-4"/>
      </object_component>
      <object_component id="oc-333">
         <name>.debug_info</name>
         <load_address>0x6e96</load_address>
         <run_address>0x6e96</run_address>
         <size>0x37d</size>
         <input_file_ref idref="fl-4"/>
      </object_component>
      <object_component id="oc-194">
         <name>.debug_info</name>
         <load_address>0x7213</load_address>
         <run_address>0x7213</run_address>
         <size>0x561</size>
         <input_file_ref idref="fl-5"/>
      </object_component>
      <object_component id="oc-191">
         <name>.debug_info</name>
         <load_address>0x7774</load_address>
         <run_address>0x7774</run_address>
         <size>0x10d</size>
         <input_file_ref idref="fl-5"/>
      </object_component>
      <object_component id="oc-33f">
         <name>.debug_info</name>
         <load_address>0x7881</load_address>
         <run_address>0x7881</run_address>
         <size>0x10b</size>
         <input_file_ref idref="fl-5"/>
      </object_component>
      <object_component id="oc-2c1">
         <name>.debug_info</name>
         <load_address>0x798c</load_address>
         <run_address>0x798c</run_address>
         <size>0x10f</size>
         <input_file_ref idref="fl-5"/>
      </object_component>
      <object_component id="oc-40b">
         <name>.debug_info</name>
         <load_address>0x7a9b</load_address>
         <run_address>0x7a9b</run_address>
         <size>0x10f</size>
         <input_file_ref idref="fl-5"/>
      </object_component>
      <object_component id="oc-36f">
         <name>.debug_info</name>
         <load_address>0x7baa</load_address>
         <run_address>0x7baa</run_address>
         <size>0x21e</size>
         <input_file_ref idref="fl-5"/>
      </object_component>
      <object_component id="oc-2de">
         <name>.debug_info</name>
         <load_address>0x7dc8</load_address>
         <run_address>0x7dc8</run_address>
         <size>0x23b</size>
         <input_file_ref idref="fl-5"/>
      </object_component>
      <object_component id="oc-39b">
         <name>.debug_info</name>
         <load_address>0x8003</load_address>
         <run_address>0x8003</run_address>
         <size>0x2a2</size>
         <input_file_ref idref="fl-5"/>
      </object_component>
      <object_component id="oc-2e4">
         <name>.debug_info</name>
         <load_address>0x82a5</load_address>
         <run_address>0x82a5</run_address>
         <size>0x271</size>
         <input_file_ref idref="fl-5"/>
      </object_component>
      <object_component id="oc-324">
         <name>.debug_info</name>
         <load_address>0x8516</load_address>
         <run_address>0x8516</run_address>
         <size>0x215</size>
         <input_file_ref idref="fl-5"/>
      </object_component>
      <object_component id="oc-386">
         <name>.debug_info</name>
         <load_address>0x872b</load_address>
         <run_address>0x872b</run_address>
         <size>0x272</size>
         <input_file_ref idref="fl-5"/>
      </object_component>
      <object_component id="oc-2c5">
         <name>.debug_info</name>
         <load_address>0x899d</load_address>
         <run_address>0x899d</run_address>
         <size>0x1ff</size>
         <input_file_ref idref="fl-5"/>
      </object_component>
      <object_component id="oc-369">
         <name>.debug_info</name>
         <load_address>0x8b9c</load_address>
         <run_address>0x8b9c</run_address>
         <size>0x292</size>
         <input_file_ref idref="fl-5"/>
      </object_component>
      <object_component id="oc-312">
         <name>.debug_info</name>
         <load_address>0x8e2e</load_address>
         <run_address>0x8e2e</run_address>
         <size>0x20a</size>
         <input_file_ref idref="fl-5"/>
      </object_component>
      <object_component id="oc-339">
         <name>.debug_info</name>
         <load_address>0x9038</load_address>
         <run_address>0x9038</run_address>
         <size>0x215</size>
         <input_file_ref idref="fl-5"/>
      </object_component>
      <object_component id="oc-2a9">
         <name>.debug_info</name>
         <load_address>0x924d</load_address>
         <run_address>0x924d</run_address>
         <size>0x39d</size>
         <input_file_ref idref="fl-5"/>
      </object_component>
      <object_component id="oc-3f0">
         <name>.debug_info</name>
         <load_address>0x95ea</load_address>
         <run_address>0x95ea</run_address>
         <size>0x203</size>
         <input_file_ref idref="fl-5"/>
      </object_component>
      <object_component id="oc-375">
         <name>.debug_info</name>
         <load_address>0x97ed</load_address>
         <run_address>0x97ed</run_address>
         <size>0x219</size>
         <input_file_ref idref="fl-5"/>
      </object_component>
      <object_component id="oc-343">
         <name>.debug_info</name>
         <load_address>0x9a06</load_address>
         <run_address>0x9a06</run_address>
         <size>0x300</size>
         <input_file_ref idref="fl-5"/>
      </object_component>
      <object_component id="oc-2bb">
         <name>.debug_info</name>
         <load_address>0x9d06</load_address>
         <run_address>0x9d06</run_address>
         <size>0x242</size>
         <input_file_ref idref="fl-5"/>
      </object_component>
      <object_component id="oc-355">
         <name>.debug_info</name>
         <load_address>0x9f48</load_address>
         <run_address>0x9f48</run_address>
         <size>0x1ff</size>
         <input_file_ref idref="fl-5"/>
      </object_component>
      <object_component id="oc-3fd">
         <name>.debug_info</name>
         <load_address>0xa147</load_address>
         <run_address>0xa147</run_address>
         <size>0x224</size>
         <input_file_ref idref="fl-5"/>
      </object_component>
      <object_component id="oc-403">
         <name>.debug_info</name>
         <load_address>0xa36b</load_address>
         <run_address>0xa36b</run_address>
         <size>0x25e</size>
         <input_file_ref idref="fl-5"/>
      </object_component>
      <object_component id="oc-2d7">
         <name>.debug_info</name>
         <load_address>0xa5c9</load_address>
         <run_address>0xa5c9</run_address>
         <size>0x2bf</size>
         <input_file_ref idref="fl-5"/>
      </object_component>
      <object_component id="oc-349">
         <name>.debug_info</name>
         <load_address>0xa888</load_address>
         <run_address>0xa888</run_address>
         <size>0x29d</size>
         <input_file_ref idref="fl-5"/>
      </object_component>
      <object_component id="oc-2b5">
         <name>.debug_info</name>
         <load_address>0xab25</load_address>
         <run_address>0xab25</run_address>
         <size>0x20e</size>
         <input_file_ref idref="fl-5"/>
      </object_component>
      <object_component id="oc-2af">
         <name>.debug_info</name>
         <load_address>0xad33</load_address>
         <run_address>0xad33</run_address>
         <size>0x27b</size>
         <input_file_ref idref="fl-5"/>
      </object_component>
      <object_component id="oc-35b">
         <name>.debug_info</name>
         <load_address>0xafae</load_address>
         <run_address>0xafae</run_address>
         <size>0x23c</size>
         <input_file_ref idref="fl-5"/>
      </object_component>
      <object_component id="oc-2cb">
         <name>.debug_info</name>
         <load_address>0xb1ea</load_address>
         <run_address>0xb1ea</run_address>
         <size>0x286</size>
         <input_file_ref idref="fl-5"/>
      </object_component>
      <object_component id="oc-30b">
         <name>.debug_info</name>
         <load_address>0xb470</load_address>
         <run_address>0xb470</run_address>
         <size>0x247</size>
         <input_file_ref idref="fl-5"/>
      </object_component>
      <object_component id="oc-305">
         <name>.debug_info</name>
         <load_address>0xb6b7</load_address>
         <run_address>0xb6b7</run_address>
         <size>0x1fd</size>
         <input_file_ref idref="fl-5"/>
      </object_component>
      <object_component id="oc-2d1">
         <name>.debug_info</name>
         <load_address>0xb8b4</load_address>
         <run_address>0xb8b4</run_address>
         <size>0x285</size>
         <input_file_ref idref="fl-5"/>
      </object_component>
      <object_component id="oc-38c">
         <name>.debug_info</name>
         <load_address>0xbb39</load_address>
         <run_address>0xbb39</run_address>
         <size>0x250</size>
         <input_file_ref idref="fl-5"/>
      </object_component>
      <object_component id="oc-392">
         <name>.debug_info</name>
         <load_address>0xbd89</load_address>
         <run_address>0xbd89</run_address>
         <size>0x25f</size>
         <input_file_ref idref="fl-5"/>
      </object_component>
      <object_component id="oc-2f9">
         <name>.debug_info</name>
         <load_address>0xbfe8</load_address>
         <run_address>0xbfe8</run_address>
         <size>0x31d</size>
         <input_file_ref idref="fl-5"/>
      </object_component>
      <object_component id="oc-259">
         <name>.debug_info</name>
         <load_address>0xc305</load_address>
         <run_address>0xc305</run_address>
         <size>0x27d</size>
         <input_file_ref idref="fl-5"/>
      </object_component>
      <object_component id="oc-28f">
         <name>.debug_info</name>
         <load_address>0xc582</load_address>
         <run_address>0xc582</run_address>
         <size>0x31f</size>
         <input_file_ref idref="fl-5"/>
      </object_component>
      <object_component id="oc-253">
         <name>.debug_info</name>
         <load_address>0xc8a1</load_address>
         <run_address>0xc8a1</run_address>
         <size>0x276</size>
         <input_file_ref idref="fl-5"/>
      </object_component>
      <object_component id="oc-289">
         <name>.debug_info</name>
         <load_address>0xcb17</load_address>
         <run_address>0xcb17</run_address>
         <size>0x323</size>
         <input_file_ref idref="fl-5"/>
      </object_component>
      <object_component id="oc-fa">
         <name>.debug_info</name>
         <load_address>0xce3a</load_address>
         <run_address>0xce3a</run_address>
         <size>0x200</size>
         <input_file_ref idref="fl-5"/>
      </object_component>
      <object_component id="oc-25f">
         <name>.debug_info</name>
         <load_address>0xd03a</load_address>
         <run_address>0xd03a</run_address>
         <size>0x2fd</size>
         <input_file_ref idref="fl-5"/>
      </object_component>
      <object_component id="oc-412">
         <name>.debug_info</name>
         <load_address>0xd337</load_address>
         <run_address>0xd337</run_address>
         <size>0x2fb</size>
         <input_file_ref idref="fl-6"/>
      </object_component>
      <object_component id="oc-40f">
         <name>.debug_info</name>
         <load_address>0xd632</load_address>
         <run_address>0xd632</run_address>
         <size>0x11c</size>
         <input_file_ref idref="fl-6"/>
      </object_component>
      <object_component id="oc-3f6">
         <name>.debug_info</name>
         <load_address>0xd74e</load_address>
         <run_address>0xd74e</run_address>
         <size>0x24e</size>
         <input_file_ref idref="fl-6"/>
      </object_component>
      <object_component id="oc-362">
         <name>.debug_info</name>
         <load_address>0xd99c</load_address>
         <run_address>0xd99c</run_address>
         <size>0x279</size>
         <input_file_ref idref="fl-6"/>
      </object_component>
      <object_component id="oc-1b0">
         <name>.debug_info</name>
         <load_address>0xdc15</load_address>
         <run_address>0xdc15</run_address>
         <size>0x330</size>
         <input_file_ref idref="fl-7"/>
      </object_component>
      <object_component id="oc-1aa">
         <name>.debug_info</name>
         <load_address>0xdf45</load_address>
         <run_address>0xdf45</run_address>
         <size>0x109</size>
         <input_file_ref idref="fl-7"/>
      </object_component>
      <object_component id="oc-10c">
         <name>.debug_info</name>
         <load_address>0xe04e</load_address>
         <run_address>0xe04e</run_address>
         <size>0x24f</size>
         <input_file_ref idref="fl-7"/>
      </object_component>
      <object_component id="oc-18a">
         <name>.debug_info</name>
         <load_address>0xe29d</load_address>
         <run_address>0xe29d</run_address>
         <size>0x2cc</size>
         <input_file_ref idref="fl-8"/>
      </object_component>
      <object_component id="oc-1a0">
         <name>.debug_info</name>
         <load_address>0xe569</load_address>
         <run_address>0xe569</run_address>
         <size>0x10d</size>
         <input_file_ref idref="fl-8"/>
      </object_component>
      <object_component id="oc-1e7">
         <name>.debug_info</name>
         <load_address>0xe676</load_address>
         <run_address>0xe676</run_address>
         <size>0x115</size>
         <input_file_ref idref="fl-8"/>
      </object_component>
      <object_component id="oc-1e4">
         <name>.debug_info</name>
         <load_address>0xe78b</load_address>
         <run_address>0xe78b</run_address>
         <size>0x119</size>
         <input_file_ref idref="fl-8"/>
      </object_component>
      <object_component id="oc-19a">
         <name>.debug_info</name>
         <load_address>0xe8a4</load_address>
         <run_address>0xe8a4</run_address>
         <size>0x224</size>
         <input_file_ref idref="fl-8"/>
      </object_component>
      <object_component id="oc-184">
         <name>.debug_info</name>
         <load_address>0xeac8</load_address>
         <run_address>0xeac8</run_address>
         <size>0x356</size>
         <input_file_ref idref="fl-8"/>
      </object_component>
      <object_component id="oc-f4">
         <name>.debug_info</name>
         <load_address>0xee1e</load_address>
         <run_address>0xee1e</run_address>
         <size>0x1f1</size>
         <input_file_ref idref="fl-8"/>
      </object_component>
      <object_component id="oc-106">
         <name>.debug_info</name>
         <load_address>0xf00f</load_address>
         <run_address>0xf00f</run_address>
         <size>0x26f</size>
         <input_file_ref idref="fl-8"/>
      </object_component>
      <object_component id="oc-17d">
         <name>.debug_info</name>
         <load_address>0xf27e</load_address>
         <run_address>0xf27e</run_address>
         <size>0x287</size>
         <input_file_ref idref="fl-8"/>
      </object_component>
      <object_component id="oc-1eb">
         <name>.debug_info</name>
         <load_address>0xf505</load_address>
         <run_address>0xf505</run_address>
         <size>0x143</size>
         <input_file_ref idref="fl-c4"/>
      </object_component>
      <object_component id="oc-aa">
         <name>.debug_info</name>
         <load_address>0xf648</load_address>
         <run_address>0xf648</run_address>
         <size>0x2d5</size>
         <input_file_ref idref="fl-c5"/>
      </object_component>
      <object_component id="oc-63">
         <name>.debug_info</name>
         <load_address>0xf91d</load_address>
         <run_address>0xf91d</run_address>
         <size>0x1b6</size>
         <input_file_ref idref="fl-c5"/>
      </object_component>
      <object_component id="oc-a5">
         <name>.debug_info</name>
         <load_address>0xfad3</load_address>
         <run_address>0xfad3</run_address>
         <size>0x46</size>
         <input_file_ref idref="fl-c5"/>
      </object_component>
      <object_component id="oc-5b">
         <name>.debug_info</name>
         <load_address>0xfb19</load_address>
         <run_address>0xfb19</run_address>
         <size>0x2a9</size>
         <input_file_ref idref="fl-c6"/>
      </object_component>
      <object_component id="oc-19">
         <name>.debug_info</name>
         <load_address>0xfdc2</load_address>
         <run_address>0xfdc2</run_address>
         <size>0x1eb</size>
         <input_file_ref idref="fl-c6"/>
      </object_component>
      <object_component id="oc-56">
         <name>.debug_info</name>
         <load_address>0xffad</load_address>
         <run_address>0xffad</run_address>
         <size>0x46</size>
         <input_file_ref idref="fl-c6"/>
      </object_component>
      <object_component id="oc-9d">
         <name>.debug_info</name>
         <load_address>0xfff3</load_address>
         <run_address>0xfff3</run_address>
         <size>0x2c</size>
         <input_file_ref idref="fl-c6"/>
      </object_component>
      <object_component id="oc-9b">
         <name>.debug_info</name>
         <load_address>0x1001f</load_address>
         <run_address>0x1001f</run_address>
         <size>0x29f</size>
         <input_file_ref idref="fl-c7"/>
      </object_component>
      <object_component id="oc-13">
         <name>.debug_info</name>
         <load_address>0x102be</load_address>
         <run_address>0x102be</run_address>
         <size>0x251</size>
         <input_file_ref idref="fl-c7"/>
      </object_component>
      <object_component id="oc-46">
         <name>.debug_info</name>
         <load_address>0x1050f</load_address>
         <run_address>0x1050f</run_address>
         <size>0x60</size>
         <input_file_ref idref="fl-c7"/>
      </object_component>
      <object_component id="oc-dd">
         <name>.debug_info</name>
         <load_address>0x1056f</load_address>
         <run_address>0x1056f</run_address>
         <size>0x46</size>
         <input_file_ref idref="fl-c7"/>
      </object_component>
      <object_component id="oc-96">
         <name>.debug_info</name>
         <load_address>0x105b5</load_address>
         <run_address>0x105b5</run_address>
         <size>0x39</size>
         <input_file_ref idref="fl-c7"/>
      </object_component>
      <object_component id="oc-2f3">
         <name>.debug_info</name>
         <load_address>0x105ee</load_address>
         <run_address>0x105ee</run_address>
         <size>0x2a5</size>
         <input_file_ref idref="fl-c8"/>
      </object_component>
      <object_component id="oc-278">
         <name>.debug_info</name>
         <load_address>0x10893</load_address>
         <run_address>0x10893</run_address>
         <size>0x268</size>
         <input_file_ref idref="fl-c8"/>
      </object_component>
      <object_component id="oc-1fd">
         <name>.debug_info</name>
         <load_address>0x10afb</load_address>
         <run_address>0x10afb</run_address>
         <size>0x28b</size>
         <input_file_ref idref="fl-c9"/>
      </object_component>
      <object_component id="oc-1a4">
         <name>.debug_info</name>
         <load_address>0x10d86</load_address>
         <run_address>0x10d86</run_address>
         <size>0x274</size>
         <input_file_ref idref="fl-c9"/>
      </object_component>
      <object_component id="oc-2ef">
         <name>.debug_info</name>
         <load_address>0x10ffa</load_address>
         <run_address>0x10ffa</run_address>
         <size>0x2a5</size>
         <input_file_ref idref="fl-ca"/>
      </object_component>
      <object_component id="oc-26c">
         <name>.debug_info</name>
         <load_address>0x1129f</load_address>
         <run_address>0x1129f</run_address>
         <size>0x24d</size>
         <input_file_ref idref="fl-ca"/>
      </object_component>
      <object_component id="oc-2f1">
         <name>.debug_info</name>
         <load_address>0x114ec</load_address>
         <run_address>0x114ec</run_address>
         <size>0x290</size>
         <input_file_ref idref="fl-cb"/>
      </object_component>
      <object_component id="oc-272">
         <name>.debug_info</name>
         <load_address>0x1177c</load_address>
         <run_address>0x1177c</run_address>
         <size>0x246</size>
         <input_file_ref idref="fl-cb"/>
      </object_component>
      <object_component id="oc-2f5">
         <name>.debug_info</name>
         <load_address>0x119c2</load_address>
         <run_address>0x119c2</run_address>
         <size>0x2b0</size>
         <input_file_ref idref="fl-cc"/>
      </object_component>
      <object_component id="oc-27e">
         <name>.debug_info</name>
         <load_address>0x11c72</load_address>
         <run_address>0x11c72</run_address>
         <size>0x278</size>
         <input_file_ref idref="fl-cc"/>
      </object_component>
      <object_component id="oc-22">
         <name>.debug_info</name>
         <load_address>0x11eea</load_address>
         <run_address>0x11eea</run_address>
         <size>0x10c</size>
         <input_file_ref idref="fl-cd"/>
      </object_component>
      <object_component id="oc-6f">
         <name>.debug_info</name>
         <load_address>0x11ff6</load_address>
         <run_address>0x11ff6</run_address>
         <size>0x1aa</size>
         <input_file_ref idref="fl-cd"/>
      </object_component>
      <object_component id="oc-24a">
         <name>.debug_info</name>
         <load_address>0x121a0</load_address>
         <run_address>0x121a0</run_address>
         <size>0x116</size>
         <input_file_ref idref="fl-ce"/>
      </object_component>
      <object_component id="oc-ac">
         <name>.debug_info</name>
         <load_address>0x122b6</load_address>
         <run_address>0x122b6</run_address>
         <size>0x148</size>
         <input_file_ref idref="fl-cf"/>
      </object_component>
      <object_component id="oc-51">
         <name>.debug_info</name>
         <load_address>0x123fe</load_address>
         <run_address>0x123fe</run_address>
         <size>0x11a</size>
         <input_file_ref idref="fl-d0"/>
      </object_component>
      <object_component id="oc-1c7">
         <name>.debug_info</name>
         <load_address>0x12518</load_address>
         <run_address>0x12518</run_address>
         <size>0x4b4</size>
         <input_file_ref idref="fl-d1"/>
      </object_component>
      <object_component id="oc-128">
         <name>.debug_info</name>
         <load_address>0x129cc</load_address>
         <run_address>0x129cc</run_address>
         <size>0x1a7</size>
         <input_file_ref idref="fl-d1"/>
      </object_component>
      <object_component id="oc-232">
         <name>.debug_info</name>
         <load_address>0x12b73</load_address>
         <run_address>0x12b73</run_address>
         <size>0x39</size>
         <input_file_ref idref="fl-d1"/>
      </object_component>
      <object_component id="oc-29b">
         <name>.debug_info</name>
         <load_address>0x12bac</load_address>
         <run_address>0x12bac</run_address>
         <size>0x39</size>
         <input_file_ref idref="fl-d1"/>
      </object_component>
      <object_component id="oc-237">
         <name>.debug_info</name>
         <load_address>0x12be5</load_address>
         <run_address>0x12be5</run_address>
         <size>0x39</size>
         <input_file_ref idref="fl-d1"/>
      </object_component>
      <object_component id="oc-23c">
         <name>.debug_info</name>
         <load_address>0x12c1e</load_address>
         <run_address>0x12c1e</run_address>
         <size>0xcd</size>
         <input_file_ref idref="fl-d1"/>
      </object_component>
      <object_component id="oc-b2">
         <name>.debug_info</name>
         <load_address>0x12ceb</load_address>
         <run_address>0x12ceb</run_address>
         <size>0x154</size>
         <input_file_ref idref="fl-d2"/>
      </object_component>
      <object_component id="oc-11c">
         <name>.debug_info</name>
         <load_address>0x12e3f</load_address>
         <run_address>0x12e3f</run_address>
         <size>0x123</size>
         <input_file_ref idref="fl-d4"/>
      </object_component>
      <object_component id="oc-1e2">
         <name>.debug_info</name>
         <load_address>0x12f62</load_address>
         <run_address>0x12f62</run_address>
         <size>0x227</size>
         <input_file_ref idref="fl-d7"/>
      </object_component>
      <object_component id="oc-178">
         <name>.debug_info</name>
         <load_address>0x13189</load_address>
         <run_address>0x13189</run_address>
         <size>0x291</size>
         <input_file_ref idref="fl-d7"/>
      </object_component>
      <object_component id="oc-1dd">
         <name>.debug_info</name>
         <load_address>0x1341a</load_address>
         <run_address>0x1341a</run_address>
         <size>0x18b</size>
         <input_file_ref idref="fl-d7"/>
      </object_component>
      <object_component id="oc-474">
         <name>.debug_info</name>
         <load_address>0x135a5</load_address>
         <run_address>0x135a5</run_address>
         <size>0x9f</size>
      </object_component>
      <object_component id="oc-161">
         <name>.debug_line</name>
         <load_address>0x0</load_address>
         <run_address>0x0</run_address>
         <size>0x1fc</size>
         <input_file_ref idref="fl-1"/>
      </object_component>
      <object_component id="oc-1bb">
         <name>.debug_line</name>
         <load_address>0x1fc</load_address>
         <run_address>0x1fc</run_address>
         <size>0x30</size>
         <input_file_ref idref="fl-1"/>
      </object_component>
      <object_component id="oc-2f7">
         <name>.debug_line</name>
         <load_address>0x22c</load_address>
         <run_address>0x22c</run_address>
         <size>0x30</size>
         <input_file_ref idref="fl-1"/>
[...]
            <object_component_ref idref="oc-10e"/>
            <object_component_ref idref="oc-1a1"/>
            <object_component_ref idref="oc-1e8"/>
            <object_component_ref idref="oc-1e5"/>
            <object_component_ref idref="oc-19c"/>
            <object_component_ref idref="oc-186"/>
            <object_component_ref idref="oc-f6"/>
            <object_component_ref idref="oc-108"/>
            <object_component_ref idref="oc-17f"/>
            <object_component_ref idref="oc-1ed"/>
            <object_component_ref idref="oc-65"/>
            <object_component_ref idref="oc-1b"/>
            <object_component_ref idref="oc-15"/>
            <object_component_ref idref="oc-27a"/>
            <object_component_ref idref="oc-1a6"/>
            <object_component_ref idref="oc-26e"/>
            <object_component_ref idref="oc-274"/>
            <object_component_ref idref="oc-280"/>
            <object_component_ref idref="oc-23"/>
            <object_component_ref idref="oc-71"/>
            <object_component_ref idref="oc-24c"/>
            <object_component_ref idref="oc-ae"/>
            <object_component_ref idref="oc-53"/>
            <object_component_ref idref="oc-12a"/>
            <object_component_ref idref="oc-b4"/>
            <object_component_ref idref="oc-11e"/>
            <object_component_ref idref="oc-179"/>
         </contents>
      </logical_group>
      <logical_group id="lg-465" display="never" color="cyan">
         <name>.debug_pubtypes</name>
         <load_address>0x0</load_address>
         <run_address>0x0</run_address>
         <size>0xff8</size>
         <contents>
            <object_component_ref idref="oc-163"/>
            <object_component_ref idref="oc-cd"/>
            <object_component_ref idref="oc-15c"/>
            <object_component_ref idref="oc-168"/>
            <object_component_ref idref="oc-16d"/>
            <object_component_ref idref="oc-172"/>
            <object_component_ref idref="oc-8d"/>
            <object_component_ref idref="oc-d7"/>
            <object_component_ref idref="oc-d2"/>
            <object_component_ref idref="oc-1b2"/>
            <object_component_ref idref="oc-92"/>
            <object_component_ref idref="oc-e5"/>
            <object_component_ref idref="oc-18c"/>
            <object_component_ref idref="oc-4c"/>
            <object_component_ref idref="oc-a6"/>
            <object_component_ref idref="oc-57"/>
            <object_component_ref idref="oc-9e"/>
            <object_component_ref idref="oc-47"/>
            <object_component_ref idref="oc-de"/>
            <object_component_ref idref="oc-97"/>
            <object_component_ref idref="oc-233"/>
            <object_component_ref idref="oc-29c"/>
            <object_component_ref idref="oc-238"/>
            <object_component_ref idref="oc-23d"/>
            <object_component_ref idref="oc-1de"/>
         </contents>
      </logical_group>
      <load_segment id="lg-483" display="no" color="cyan">
         <name>SEGMENT_0</name>
         <load_address>0x0</load_address>
         <run_address>0x0</run_address>
         <size>0xa598</size>
         <flags>0x5</flags>
         <contents>
            <logical_group_ref idref="lg-3"/>
            <logical_group_ref idref="lg-5"/>
            <logical_group_ref idref="lg-4"/>
            <logical_group_ref idref="lg-6"/>
         </contents>
      </load_segment>
      <load_segment id="lg-484" display="no" color="cyan">
         <name>SEGMENT_1</name>
         <run_address>0x20000000</run_address>
         <size>0xcc3</size>
         <flags>0x6</flags>
         <contents>
            <logical_group_ref idref="lg-b"/>
            <logical_group_ref idref="lg-d"/>
            <logical_group_ref idref="lg-a"/>
         </contents>
      </load_segment>
   </logical_group_list>
   <placement_map>
      <memory_area display="yes" color="green">
         <name>FLASH</name>
         <page_id>0x0</page_id>
         <origin>0x0</origin>
         <length>0x40000</length>
         <used_space>0xa594</used_space>
         <unused_space>0x35a6c</unused_space>
         <attributes>RX</attributes>
         <usage_details>
            <allocated_space>
               <start_address>0x0</start_address>
               <size>0x26c</size>
               <logical_group_ref idref="lg-3"/>
            </allocated_space>
            <allocated_space>
               <start_address>0x26c</start_address>
               <size>0x7968</size>
               <logical_group_ref idref="lg-5"/>
            </allocated_space>
            <allocated_space>
               <start_address>0x7bd4</start_address>
               <size>0x28c0</size>
               <logical_group_ref idref="lg-4"/>
            </allocated_space>
            <available_space>
               <start_address>0xa494</start_address>
               <size>0x4</size>
            </available_space>
            <allocated_space>
               <start_address>0xa498</start_address>
               <size>0x100</size>
               <logical_group_ref idref="lg-6"/>
            </allocated_space>
            <available_space>
               <start_address>0xa598</start_address>
               <size>0x35a68</size>
            </available_space>
         </usage_details>
      </memory_area>
      <memory_area display="yes" color="green">
         <name>SRAM</name>
         <page_id>0x0</page_id>
         <origin>0x20000000</origin>
         <length>0x8000</length>
         <used_space>0xcbd</used_space>
         <unused_space>0x7343</unused_space>
         <attributes>RWX</attributes>
         <usage_details>
            <allocated_space>
               <start_address>0x20000000</start_address>
               <size>0x75a</size>
               <logical_group_ref idref="lg-b"/>
            </allocated_space>
            <available_space>
               <start_address>0x2000075a</start_address>
               <size>0x6</size>
            </available_space>
            <allocated_space>
               <start_address>0x20000760</start_address>
               <size>0x400</size>
               <logical_group_ref idref="lg-d"/>
            </allocated_space>
            <allocated_space>
               <start_address>0x20000b60</start_address>
               <size>0x163</size>
               <logical_group_ref idref="lg-a"/>
            </allocated_space>
            <available_space>
               <start_address>0x20000cc3</start_address>
               <size>0x733d</size>
            </available_space>
         </usage_details>
      </memory_area>
   </placement_map>
   <cptbl_list>
      <cptbl>
         <name>__TI_cinit_table</name>
         <cprec>
            <name>.data</name>
            <load_address>0xa498</load_address>
            <load_size>0xd8</load_size>
            <run_address>0x20000b60</run_address>
            <run_size>0x163</run_size>
            <compression>lzss</compression>
         </cprec>
         <cprec>
            <name>.bss</name>
            <load_address>0xa580</load_address>
            <load_size>0x8</load_size>
            <run_address>0x20000000</run_address>
            <run_size>0x75a</run_size>
            <compression>zero_init</compression>
         </cprec>
      </cptbl>
   </cptbl_list>
   <handler_table>
      <handler_table_name>__TI_handler_table</handler_table_name>
      <handler>
         <index>0x0</index>
         <name>__TI_decompress_lzss</name>
      </handler>
      <handler>
         <index>0x1</index>
         <name>__TI_decompress_none</name>
      </handler>
      <handler>
         <index>0x2</index>
         <name>__TI_zero_init</name>
      </handler>
   </handler_table>
   <symbol_table>
      <symbol id="sm-1">
         <name>__STACK_TOP</name>
         <value>0x20000b60</value>
      </symbol>
      <symbol id="sm-2">
         <name>__TI_CINIT_Base</name>
         <value>0xa588</value>
      </symbol>
      <symbol id="sm-3">
         <name>__TI_CINIT_Limit</name>
         <value>0xa598</value>
      </symbol>
      <symbol id="sm-4">
         <name>__TI_Handler_Table_Base</name>
         <value>0xa570</value>
      </symbol>
      <symbol id="sm-5">
         <name>__TI_Handler_Table_Limit</name>
         <value>0xa57c</value>
      </symbol>
      <symbol id="sm-6">
         <name>binit</name>
         <value>0xffffffff</value>
      </symbol>
      <symbol id="sm-7">
         <name>__binit__</name>
         <value>0xffffffff</value>
      </symbol>
      <symbol id="sm-8">
         <name>__STACK_SIZE</name>
         <value>0x400</value>
      </symbol>
      <symbol id="sm-9">
         <name>__STACK_END</name>
         <value>0x20000b60</value>
      </symbol>
      <symbol id="sm-a">
         <name>__c_args__</name>
         <value>0xffffffff</value>
      </symbol>
      <symbol id="sm-b">
         <name>__TI_pprof_out_hndl</name>
         <value>0xffffffff</value>
      </symbol>
      <symbol id="sm-c">
         <name>__TI_prof_data_start</name>
         <value>0xffffffff</value>
      </symbol>
      <symbol id="sm-d">
         <name>__TI_prof_data_size</name>
         <value>0xffffffff</value>
      </symbol>
      <symbol id="sm-163">
         <name>Cmd_ls</name>
         <value>0x8301</value>
         <object_component_ref idref="oc-206"/>
      </symbol>
      <symbol id="sm-164">
         <name>Cmd_cd</name>
         <value>0x8afd</value>
         <object_component_ref idref="oc-20c"/>
      </symbol>
      <symbol id="sm-165">
         <name>g_psFResultStrings</name>
         <value>0x20000b60</value>
         <object_component_ref idref="oc-195"/>
      </symbol>
      <symbol id="sm-166">
         <name>StringFromFResult</name>
         <value>0xa0d9</value>
         <object_component_ref idref="oc-ff"/>
      </symbol>
      <symbol id="sm-167">
         <name>Cmd_pwd</name>
         <value>0xa379</value>
         <object_component_ref idref="oc-212"/>
      </symbol>
      <symbol id="sm-168">
         <name>Cmd_cat</name>
         <value>0x8fb5</value>
         <object_component_ref idref="oc-218"/>
      </symbol>
      <symbol id="sm-169">
         <name>main</name>
         <value>0x8489</value>
         <object_component_ref idref="oc-b7"/>
      </symbol>
      <symbol id="sm-16a">
         <name>ConfigureUART</name>
         <value>0x97f9</value>
         <object_component_ref idref="oc-ed"/>
      </symbol>
      <symbol id="sm-16b">
         <name>Cmd_help</name>
         <value>0x9a89</value>
         <object_component_ref idref="oc-200"/>
      </symbol>
      <symbol id="sm-16c">
         <name>g_psCmdTable</name>
         <value>0x20000c00</value>
         <object_component_ref idref="oc-1ac"/>
      </symbol>
      <symbol id="sm-1a2">
         <name>ResetISR</name>
         <value>0xa481</value>
         <object_component_ref idref="oc-24"/>
      </symbol>
      <symbol id="sm-1a3">
         <name>g_pfnVectors</name>
         <value>0x0</value>
         <object_component_ref idref="oc-f"/>
      </symbol>
      <symbol id="sm-2c8">
         <name>get_fattime</name>
         <value>0xa479</value>
         <object_component_ref idref="oc-2fe"/>
      </symbol>
      <symbol id="sm-2c9">
         <name>disk_status</name>
         <value>0xa425</value>
         <object_component_ref idref="oc-32c"/>
      </symbol>
      <symbol id="sm-2ca">
         <name>disk_timerproc</name>
         <value>0xa26d</value>
         <object_component_ref idref="oc-3c"/>
      </symbol>
      <symbol id="sm-2cb">
         <name>disk_read</name>
         <value>0x9671</value>
         <object_component_ref idref="oc-31d"/>
      </symbol>
      <symbol id="sm-2cc">
         <name>disk_initialize</name>
         <value>0x88a9</value>
         <object_component_ref idref="oc-332"/>
      </symbol>
      <symbol id="sm-2cd">
         <name>disk_write</name>
         <value>0x9151</value>
         <object_component_ref idref="oc-317"/>
      </symbol>
      <symbol id="sm-53a">
         <name>f_getfree</name>
         <value>0x8edb</value>
         <object_component_ref idref="oc-25e"/>
      </symbol>
      <symbol id="sm-53b">
         <name>f_read</name>
         <value>0x85f9</value>
         <object_component_ref idref="oc-28e"/>
      </symbol>
      <symbol id="sm-53c">
         <name>gen_numname</name>
         <value>0x9365</value>
         <object_component_ref idref="oc-385"/>
      </symbol>
      <symbol id="sm-53d">
         <name>clust2sect</name>
         <value>0xa391</value>
         <object_component_ref idref="oc-311"/>
      </symbol>
      <symbol id="sm-53e">
         <name>put_fat</name>
         <value>0x8df9</value>
         <object_component_ref idref="oc-39a"/>
      </symbol>
      <symbol id="sm-53f">
         <name>f_opendir</name>
         <value>0x9aed</value>
         <object_component_ref idref="oc-252"/>
      </symbol>
      <symbol id="sm-540">
         <name>f_open</name>
         <value>0x8759</value>
         <object_component_ref idref="oc-288"/>
      </symbol>
      <symbol id="sm-541">
         <name>f_mount</name>
         <value>0xa1a1</value>
         <object_component_ref idref="oc-f9"/>
      </symbol>
      <symbol id="sm-542">
         <name>f_readdir</name>
         <value>0x9e55</value>
         <object_component_ref idref="oc-258"/>
      </symbol>
      <symbol id="sm-543">
         <name>get_fat</name>
         <value>0x9085</value>
         <object_component_ref idref="oc-2e3"/>
      </symbol>
      <symbol id="sm-574">
         <name>ff_convert</name>
         <value>0x9cdd</value>
         <object_component_ref idref="oc-361"/>
      </symbol>
      <symbol id="sm-575">
         <name>ff_wtoupper</name>
         <value>0xa1f9</value>
         <object_component_ref idref="oc-3f5"/>
      </symbol>
      <symbol id="sm-594">
         <name>CmdLineProcess</name>
         <value>0x9a25</value>
         <object_component_ref idref="oc-10b"/>
      </symbol>
      <symbol id="sm-612">
         <name>UARTgets</name>
         <value>0x9541</value>
         <object_component_ref idref="oc-105"/>
      </symbol>
      <symbol id="sm-613">
         <name>UARTStdioConfig</name>
         <value>0x9c7d</value>
         <object_component_ref idref="oc-17c"/>
      </symbol>
      <symbol id="sm-614">
         <name>UARTwrite</name>
         <value>0x9f51</value>
         <object_component_ref idref="oc-199"/>
      </symbol>
      <symbol id="sm-615">
         <name>UARTprintf</name>
         <value>0xa35d</value>
         <object_component_ref idref="oc-f3"/>
      </symbol>
      <symbol id="sm-616">
         <name>UARTvprintf</name>
         <value>0x8111</value>
         <object_component_ref idref="oc-183"/>
      </symbol>
      <symbol id="sm-625">
         <name>__aeabi_uidivmod</name>
         <value>0xa025</value>
         <object_component_ref idref="oc-1ea"/>
      </symbol>
      <symbol id="sm-626">
         <name>__aeabi_uidiv</name>
         <value>0xa025</value>
         <object_component_ref idref="oc-1ea"/>
      </symbol>
      <symbol id="sm-638">
         <name>__TI_zero_init</name>
         <value>0xa453</value>
         <object_component_ref idref="oc-62"/>
      </symbol>
      <symbol id="sm-64f">
         <name>__TI_decompress_none</name>
         <value>0xa445</value>
         <object_component_ref idref="oc-18"/>
      </symbol>
      <symbol id="sm-672">
         <name>__TI_decompress_lzss</name>
         <value>0x9955</value>
         <object_component_ref idref="oc-12"/>
      </symbol>
      <symbol id="sm-682">
         <name>strcat</name>
         <value>0xa2cb</value>
         <object_component_ref idref="oc-277"/>
      </symbol>
      <symbol id="sm-691">
         <name>strcmp</name>
         <value>0xa3a9</value>
         <object_component_ref idref="oc-1a3"/>
      </symbol>
      <symbol id="sm-69f">
         <name>strcpy</name>
         <value>0xa3eb</value>
         <object_component_ref idref="oc-26b"/>
      </symbol>
      <symbol id="sm-6ad">
         <name>strlen</name>
         <value>0xa3ff</value>
         <object_component_ref idref="oc-271"/>
      </symbol>
      <symbol id="sm-6bd">
         <name>strncpy</name>
         <value>0xa0a3</value>
         <object_component_ref idref="oc-27d"/>
      </symbol>
      <symbol id="sm-6d0">
         <name>__stack</name>
         <value>0x20000760</value>
         <object_component_ref idref="oc-21"/>
      </symbol>
      <symbol id="sm-6d1">
         <name>_c_int00_noargs</name>
         <value>0xa10d</value>
         <object_component_ref idref="oc-6e"/>
      </symbol>
      <symbol id="sm-6db">
         <name>__aeabi_idiv0</name>
         <value>0x8fb3</value>
         <object_component_ref idref="oc-249"/>
      </symbol>
      <symbol id="sm-6dc">
         <name>__aeabi_ldiv0</name>
         <value>0x8fb3</value>
         <object_component_ref idref="oc-249"/>
      </symbol>
      <symbol id="sm-6eb">
         <name>__aeabi_memset</name>
         <value>0x977f</value>
         <object_component_ref idref="oc-ab"/>
      </symbol>
      <symbol id="sm-6ec">
         <name>memset</name>
         <value>0x9785</value>
         <object_component_ref idref="oc-ab"/>
      </symbol>
      <symbol id="sm-6ed">
         <name>__aeabi_memset8</name>
         <value>0x977f</value>
         <object_component_ref idref="oc-ab"/>
      </symbol>
      <symbol id="sm-6ee">
         <name>__aeabi_memset4</name>
         <value>0x977f</value>
         <object_component_ref idref="oc-ab"/>
      </symbol>
      <symbol id="sm-6ef">
         <name>__aeabi_memclr8</name>
         <value>0x977d</value>
         <object_component_ref idref="oc-ab"/>
      </symbol>
      <symbol id="sm-6f0">
         <name>__aeabi_memclr4</name>
         <value>0x977d</value>
         <object_component_ref idref="oc-ab"/>
      </symbol>
      <symbol id="sm-6f1">
         <name>__aeabi_memclr</name>
         <value>0x977d</value>
         <object_component_ref idref="oc-ab"/>
      </symbol>
      <symbol id="sm-70c">
         <name>memcpy</name>
         <value>0x94a3</value>
         <object_component_ref idref="oc-50"/>
      </symbol>
      <symbol id="sm-70d">
         <name>__aeabi_memcpy</name>
         <value>0x94a3</value>
         <object_component_ref idref="oc-50"/>
      </symbol>
      <symbol id="sm-70e">
         <name>__aeabi_memcpy8</name>
         <value>0x94a3</value>
         <object_component_ref idref="oc-50"/>
      </symbol>
      <symbol id="sm-70f">
         <name>__aeabi_memcpy4</name>
         <value>0x94a3</value>
         <object_component_ref idref="oc-50"/>
      </symbol>
      <symbol id="sm-737">
         <name>__TI_auto_init_nobinit_nopinit</name>
         <value>0x9fe1</value>
         <object_component_ref idref="oc-127"/>
      </symbol>
      <symbol id="sm-741">
         <name>_system_pre_init</name>
         <value>0xa48d</value>
         <object_component_ref idref="oc-b1"/>
      </symbol>
      <symbol id="sm-74d">
         <name>C$$EXIT</name>
         <value>0xa491</value>
         <object_component_ref idref="oc-11b"/>
      </symbol>
      <symbol id="sm-74e">
         <name>abort</name>
         <value>0xa491</value>
         <object_component_ref idref="oc-11b"/>
      </symbol>
      <symbol id="sm-762">
         <name>UARTClockSourceSet</name>
         <value>0xa487</value>
         <object_component_ref idref="oc-176"/>
      </symbol>
      <symbol id="sm-765">
         <name>__TI_static_base__</name>
         <value>0x0</value>
      </symbol>
      <symbol id="sm-768">
         <name>__mpu_init</name>
         <value>0x0</value>
      </symbol>
      <symbol id="sm-769">
         <name>_system_post_cinit</name>
         <value>0x0</value>
      </symbol>
      <symbol id="sm-76a">
         <name>SysTickHandler</name>
         <value>0xa26d</value>
      </symbol>
   </symbol_table>
   <title>Link successful</title>
</link_info>
